
> radix-next@0.0.0 test
> vitest --run


 RUN  v4.1.2 /home/lrb85/Documentos/radix-next

(node:3673200) Warning: `--localstorage-file` was provided without a valid path
(Use `node --trace-warnings ...` to show where the warning was created)
 ✓ __tests__/dashboard/explorer/CombinedFilters.test.tsx (3 tests) 20ms
 ✓ __tests__/shared/utils/sanitize.test.ts (34 tests) 46ms
 ✓ __tests__/docs/markdownParser.test.ts (35 tests) 69ms
 ✓ __tests__/dashboard/staking/useValidatorsQuery.test.tsx (2 tests) 126ms
 ✓ __tests__/dashboard/staking/useValidatorFilters.test.ts (5 tests) 48ms
 ✓ __tests__/dashboard/apiClient.test.ts (13 tests) 86ms
 ✓ __tests__/dashboard/explorer/EntitiesSection.test.tsx (4 tests) 63ms
 ❯ __tests__/dashboard/explorer/FeesDistributionSection.test.tsx (3 tests | 1 failed) 77ms
     ✓ returns null if there are no fee payers or consensus manager fees 19ms
     × renders with explicit fee_destination data 24ms
     ✓ falls back to splitting cmAmount if fee_destination is missing (stokenet fallback test) 31ms
 ✓ __tests__/dashboard/explorer/AssetTransferGroup.test.tsx (3 tests) 95ms
stderr | __tests__/dashboard/staking/ValidatorCard.test.tsx > ValidatorCard > renders validator name
React does not recognize the `whileHover` prop on a DOM element. If you intentionally want it to appear in the DOM as a custom attribute, spell it as lowercase `whilehover` instead. If you accidentally passed it from a parent component, remove it from the DOM element.

 ✓ __tests__/dashboard/staking/ValidatorCard.test.tsx (2 tests) 213ms
 ✓ __tests__/shared/utils/formatters.test.ts (15 tests) 24ms
 ✓ __tests__/dashboard/useDashboardPreferences.test.ts (3 tests) 32ms
 ✓ __tests__/shared/utils/cookies.test.ts (11 tests) 28ms
 ✓ __tests__/dashboard/explorer/balanceChangeUtils.test.ts (7 tests) 9ms
 ✓ __tests__/forum/replyTree.test.ts (7 tests) 8ms
stderr | __tests__/home/Hero.test.tsx > Hero > Renderizado Inicial > renders the hero section
An update to ForwardRef(LinkComponent) inside a test was not wrapped in act(...).

When testing, code that causes React state updates should be wrapped into act(...):

act(() => {
  /* fire events that update state */
});
/* assert on the output */

This ensures that you're testing the behavior the user would see in the browser. Learn more at https://react.dev/link/wrap-tests-with-act
An update to HeroCarousel inside a test was not wrapped in act(...).

When testing, code that causes React state updates should be wrapped into act(...):

act(() => {
  /* fire events that update state */
});
/* assert on the output */

This ensures that you're testing the behavior the user would see in the browser. Learn more at https://react.dev/link/wrap-tests-with-act

 ✓ __tests__/dashboard/apiValidation.test.ts (22 tests) 13ms
 ✓ __tests__/dashboard/explorer/useTransactionsQuery.test.tsx (1 test) 17ms
stderr | __tests__/home/Hero.test.tsx > Hero > Renderizado Inicial > renders slide 0 heading
An update to ForwardRef(LinkComponent) inside a test was not wrapped in act(...).

When testing, code that causes React state updates should be wrapped into act(...):

act(() => {
  /* fire events that update state */
});
/* assert on the output */

This ensures that you're testing the behavior the user would see in the browser. Learn more at https://react.dev/link/wrap-tests-with-act
An update to HeroCarousel inside a test was not wrapped in act(...).

When testing, code that causes React state updates should be wrapped into act(...):

act(() => {
  /* fire events that update state */
});
/* assert on the output */

This ensures that you're testing the behavior the user would see in the browser. Learn more at https://react.dev/link/wrap-tests-with-act

stderr | __tests__/home/Hero.test.tsx > Hero > Renderizado Inicial > renders CTA buttons
An update to ForwardRef(LinkComponent) inside a test was not wrapped in act(...).

When testing, code that causes React state updates should be wrapped into act(...):

act(() => {
  /* fire events that update state */
});
/* assert on the output */

This ensures that you're testing the behavior the user would see in the browser. Learn more at https://react.dev/link/wrap-tests-with-act
An update to HeroCarousel inside a test was not wrapped in act(...).

When testing, code that causes React state updates should be wrapped into act(...):

act(() => {
  /* fire events that update state */
});
/* assert on the output */

This ensures that you're testing the behavior the user would see in the browser. Learn more at https://react.dev/link/wrap-tests-with-act

stderr | __tests__/home/Hero.test.tsx > Hero > Renderizado Inicial > renders metrics bar
An update to ForwardRef(LinkComponent) inside a test was not wrapped in act(...).

When testing, code that causes React state updates should be wrapped into act(...):

act(() => {
  /* fire events that update state */
});
/* assert on the output */

This ensures that you're testing the behavior the user would see in the browser. Learn more at https://react.dev/link/wrap-tests-with-act
An update to HeroCarousel inside a test was not wrapped in act(...).

When testing, code that causes React state updates should be wrapped into act(...):

act(() => {
  /* fire events that update state */
});
/* assert on the output */

This ensures that you're testing the behavior the user would see in the browser. Learn more at https://react.dev/link/wrap-tests-with-act

stderr | __tests__/home/Hero.test.tsx > Hero > Renderizado Inicial > renders progress bar buttons
An update to ForwardRef(LinkComponent) inside a test was not wrapped in act(...).

When testing, code that causes React state updates should be wrapped into act(...):

act(() => {
  /* fire events that update state */
});
/* assert on the output */

This ensures that you're testing the behavior the user would see in the browser. Learn more at https://react.dev/link/wrap-tests-with-act
An update to HeroCarousel inside a test was not wrapped in act(...).

When testing, code that causes React state updates should be wrapped into act(...):

act(() => {
  /* fire events that update state */
});
/* assert on the output */

This ensures that you're testing the behavior the user would see in the browser. Learn more at https://react.dev/link/wrap-tests-with-act

 ✓ __tests__/dashboard/validators.test.ts (10 tests) 6ms
stderr | __tests__/home/Hero.test.tsx > Hero > Navegación del Carrusel > advances to next slide when clicking Next
An update to HeroCarousel inside a test was not wrapped in act(...).

When testing, code that causes React state updates should be wrapped into act(...):

act(() => {
  /* fire events that update state */
});
/* assert on the output */

This ensures that you're testing the behavior the user would see in the browser. Learn more at https://react.dev/link/wrap-tests-with-act

 ✓ __tests__/dashboard/transactionUtils.test.ts (14 tests) 8ms
stderr | __tests__/home/Hero.test.tsx > Hero > Navegación del Carrusel > goes to previous slide when clicking Prev
An update to HeroCarousel inside a test was not wrapped in act(...).

When testing, code that causes React state updates should be wrapped into act(...):

act(() => {
  /* fire events that update state */
});
/* assert on the output */

This ensures that you're testing the behavior the user would see in the browser. Learn more at https://react.dev/link/wrap-tests-with-act

 ✓ __tests__/dashboard/explorer/SecuritySanitization.test.tsx (1 test) 153ms
 ✓ __tests__/blog/BlogPostCard.test.tsx (30 tests) 530ms
 ✓ __tests__/dashboard/explorer/ComplexTransactions.test.tsx (3 tests) 168ms
stderr | __tests__/home/Hero.test.tsx > Hero > Navegación del Carrusel > changes slide when clicking a progress bar
An update to HeroCarousel inside a test was not wrapped in act(...).

When testing, code that causes React state updates should be wrapped into act(...):

act(() => {
  /* fire events that update state */
});
/* assert on the output */

This ensures that you're testing the behavior the user would see in the browser. Learn more at https://react.dev/link/wrap-tests-with-act

stderr | __tests__/home/Hero.test.tsx > Hero > Edge Cases > wraps around from last slide to first (circular)
An update to HeroCarousel inside a test was not wrapped in act(...).

When testing, code that causes React state updates should be wrapped into act(...):

act(() => {
  /* fire events that update state */
});
/* assert on the output */

This ensures that you're testing the behavior the user would see in the browser. Learn more at https://react.dev/link/wrap-tests-with-act

 ✓ __tests__/dashboard/explorer/Deduplication.test.ts (3 tests) 5ms
 ✓ __tests__/dashboard/explorer/entityUtils.test.ts (11 tests) 5ms
stderr | __tests__/home/Hero.test.tsx > Hero > Edge Cases > wraps from first slide to last on prev click
An update to HeroCarousel inside a test was not wrapped in act(...).

When testing, code that causes React state updates should be wrapped into act(...):

act(() => {
  /* fire events that update state */
});
/* assert on the output */

This ensures that you're testing the behavior the user would see in the browser. Learn more at https://react.dev/link/wrap-tests-with-act

stderr | __tests__/home/Hero.test.tsx > Hero > Edge Cases > handles rapid clicks without breaking
An update to HeroCarousel inside a test was not wrapped in act(...).

When testing, code that causes React state updates should be wrapped into act(...):

act(() => {
  /* fire events that update state */
});
/* assert on the output */

This ensures that you're testing the behavior the user would see in the browser. Learn more at https://react.dev/link/wrap-tests-with-act

stderr | __tests__/home/Hero.test.tsx > Hero > Auto-play > auto-advances after 5 seconds
An update to ForwardRef(LinkComponent) inside a test was not wrapped in act(...).

When testing, code that causes React state updates should be wrapped into act(...):

act(() => {
  /* fire events that update state */
});
/* assert on the output */

This ensures that you're testing the behavior the user would see in the browser. Learn more at https://react.dev/link/wrap-tests-with-act
An update to HeroCarousel inside a test was not wrapped in act(...).

When testing, code that causes React state updates should be wrapped into act(...):

act(() => {
  /* fire events that update state */
});
/* assert on the output */

This ensures that you're testing the behavior the user would see in the browser. Learn more at https://react.dev/link/wrap-tests-with-act

stderr | __tests__/home/Hero.test.tsx > Hero > Auto-play > auto-advances after 5 seconds
An update to HeroCarousel inside a test was not wrapped in act(...).

When testing, code that causes React state updates should be wrapped into act(...):

act(() => {
  /* fire events that update state */
});
/* assert on the output */

This ensures that you're testing the behavior the user would see in the browser. Learn more at https://react.dev/link/wrap-tests-with-act

stderr | __tests__/home/Hero.test.tsx > Hero > Auto-play > auto-advances through all slides over 15 seconds
An update to ForwardRef(LinkComponent) inside a test was not wrapped in act(...).

When testing, code that causes React state updates should be wrapped into act(...):

act(() => {
  /* fire events that update state */
});
/* assert on the output */

This ensures that you're testing the behavior the user would see in the browser. Learn more at https://react.dev/link/wrap-tests-with-act
An update to HeroCarousel inside a test was not wrapped in act(...).

When testing, code that causes React state updates should be wrapped into act(...):

act(() => {
  /* fire events that update state */
});
/* assert on the output */

This ensures that you're testing the behavior the user would see in the browser. Learn more at https://react.dev/link/wrap-tests-with-act
An update to HeroCarousel inside a test was not wrapped in act(...).

When testing, code that causes React state updates should be wrapped into act(...):

act(() => {
  /* fire events that update state */
});
/* assert on the output */

This ensures that you're testing the behavior the user would see in the browser. Learn more at https://react.dev/link/wrap-tests-with-act
An update to HeroCarousel inside a test was not wrapped in act(...).

When testing, code that causes React state updates should be wrapped into act(...):

act(() => {
  /* fire events that update state */
});
/* assert on the output */

This ensures that you're testing the behavior the user would see in the browser. Learn more at https://react.dev/link/wrap-tests-with-act

stderr | __tests__/home/Hero.test.tsx > Hero > Auto-play > auto-advances through all slides over 15 seconds
An update to HeroCarousel inside a test was not wrapped in act(...).

When testing, code that causes React state updates should be wrapped into act(...):

act(() => {
  /* fire events that update state */
});
/* assert on the output */

This ensures that you're testing the behavior the user would see in the browser. Learn more at https://react.dev/link/wrap-tests-with-act

stderr | __tests__/home/Hero.test.tsx > Hero > Accesibilidad > prev button has aria-label
An update to ForwardRef(LinkComponent) inside a test was not wrapped in act(...).

When testing, code that causes React state updates should be wrapped into act(...):

act(() => {
  /* fire events that update state */
});
/* assert on the output */

This ensures that you're testing the behavior the user would see in the browser. Learn more at https://react.dev/link/wrap-tests-with-act
An update to HeroCarousel inside a test was not wrapped in act(...).

When testing, code that causes React state updates should be wrapped into act(...):

act(() => {
  /* fire events that update state */
});
/* assert on the output */

This ensures that you're testing the behavior the user would see in the browser. Learn more at https://react.dev/link/wrap-tests-with-act

stderr | __tests__/home/Hero.test.tsx > Hero > Accesibilidad > next button has aria-label
An update to ForwardRef(LinkComponent) inside a test was not wrapped in act(...).

When testing, code that causes React state updates should be wrapped into act(...):

act(() => {
  /* fire events that update state */
});
/* assert on the output */

This ensures that you're testing the behavior the user would see in the browser. Learn more at https://react.dev/link/wrap-tests-with-act
An update to HeroCarousel inside a test was not wrapped in act(...).

When testing, code that causes React state updates should be wrapped into act(...):

act(() => {
  /* fire events that update state */
});
/* assert on the output */

This ensures that you're testing the behavior the user would see in the browser. Learn more at https://react.dev/link/wrap-tests-with-act

stderr | __tests__/home/Hero.test.tsx > Hero > Accesibilidad > each progress bar button has aria-label
An update to ForwardRef(LinkComponent) inside a test was not wrapped in act(...).

When testing, code that causes React state updates should be wrapped into act(...):

act(() => {
  /* fire events that update state */
});
/* assert on the output */

This ensures that you're testing the behavior the user would see in the browser. Learn more at https://react.dev/link/wrap-tests-with-act
An update to HeroCarousel inside a test was not wrapped in act(...).

When testing, code that causes React state updates should be wrapped into act(...):

act(() => {
  /* fire events that update state */
});
/* assert on the output */

This ensures that you're testing the behavior the user would see in the browser. Learn more at https://react.dev/link/wrap-tests-with-act

stderr | __tests__/home/Hero.test.tsx > Hero > Accesibilidad > hero section has id for anchor navigation
An update to ForwardRef(LinkComponent) inside a test was not wrapped in act(...).

When testing, code that causes React state updates should be wrapped into act(...):

act(() => {
  /* fire events that update state */
});
/* assert on the output */

This ensures that you're testing the behavior the user would see in the browser. Learn more at https://react.dev/link/wrap-tests-with-act
An update to HeroCarousel inside a test was not wrapped in act(...).

When testing, code that causes React state updates should be wrapped into act(...):

act(() => {
  /* fire events that update state */
});
/* assert on the output */

This ensures that you're testing the behavior the user would see in the browser. Learn more at https://react.dev/link/wrap-tests-with-act

 ✓ __tests__/home/Hero.test.tsx (17 tests) 971ms
 ✓ __tests__/shared/components/Navbar.test.tsx (12 tests) 2297ms
       ✓ renders the RADIX logo  631ms

⎯⎯⎯⎯⎯⎯⎯ Failed Tests 1 ⎯⎯⎯⎯⎯⎯⎯

 FAIL  __tests__/dashboard/explorer/FeesDistributionSection.test.tsx > FeesDistributionSection > renders with explicit fee_destination data
Error: [vitest] No "Download" export is defined on the "lucide-react" mock. Did you forget to return it from "vi.mock"?
If you need to partially mock a module, you can use "importOriginal" helper inside:

vi.mock(import("lucide-react"), async (importOriginal) => {
  const actual = await importOriginal()
  return {
    ...actual,
    // your mocked methods
  }
})

 ❯ AddressDisplay features/dashboard/explorador/components/EntityBadge.tsx:138:34
    136|                                 title={tt.account_summary?.download_ac…
    137|                             >
    138|                                 <Download className="w-3 h-3" />
       |                                  ^
    139|                             </button>
    140|                         )}
 ❯ Object.react_stack_bottom_frame node_modules/react-dom/cjs/react-dom-client.development.js:25904:20
 ❯ renderWithHooks node_modules/react-dom/cjs/react-dom-client.development.js:7662:22
 ❯ updateFunctionComponent node_modules/react-dom/cjs/react-dom-client.development.js:10166:19
 ❯ beginWork node_modules/react-dom/cjs/react-dom-client.development.js:11778:18
 ❯ runWithFiberInDEV node_modules/react-dom/cjs/react-dom-client.development.js:874:13
 ❯ performUnitOfWork node_modules/react-dom/cjs/react-dom-client.development.js:17641:22
 ❯ workLoopSync node_modules/react-dom/cjs/react-dom-client.development.js:17469:41

⎯⎯⎯⎯⎯⎯⎯⎯⎯⎯⎯⎯⎯⎯⎯⎯⎯⎯⎯⎯⎯⎯⎯⎯[1/1]⎯


 Test Files  1 failed | 25 passed (26)
      Tests  1 failed | 270 passed (271)
   Start at  03:17:09
   Duration  4.69s (transform 6.84s, setup 3.27s, import 11.71s, tests 5.11s, environment 16.89s)

